// Jest Snapshot v1, https://goo.gl/fbAQLP

exports[`Details component Details component 1`] = `
<main>
  <div
    className="home_wrapper"
  >
    <div
      className="header_wrapper"
    >
      <img
        alt="logo"
        src="logo.png"
      />
      <h1>
        Weather App
      </h1>
    </div>
    <h2
      className="small_title"
    >
      Forecast by City
    </h2>
    <div
      className="filter_wrapper"
    >
      <input
        onChange={[Function]}
        placeholder="Enter City Name"
        type="text"
        value=""
      />
    </div>
    <div
      className="cards_wrapper"
    />
  </div>
</main>
`;
